[0.486s] Invoking command in '/home/sidadi/Documents/rover_ws/build/forros_description': DEBUGINFOD_URLS=https://debuginfod.ubuntu.com PYTHONPATH=/home/sidadi/Documents/rover_ws/build/forros_description/prefix_override:/usr/lib/python3/dist-packages/colcon_core/task/python/colcon_distutils_commands:/home/sidadi/Documents/rover_ws/install/forros_description/lib/python3.14/site-packages:${PYTHONPATH} /usr/bin/python3 -W ignore:setup.py install is deprecated -W ignore:easy_install command is deprecated setup.py develop --editable --build-directory /home/sidadi/Documents/rover_ws/build/forros_description/build --no-deps symlink_data
[0.601s] /usr/lib/python3/dist-packages/setuptools/_distutils/dist.py:289: UserWarning: Unknown distribution option: 'tests_require'
[0.601s]   warnings.warn(msg)
[0.683s] running develop
[0.781s] running egg_info
[0.792s] creating forros_description.egg-info
[0.792s] writing forros_description.egg-info/PKG-INFO
[0.792s] writing dependency_links to forros_description.egg-info/dependency_links.txt
[0.793s] writing requirements to forros_description.egg-info/requires.txt
[0.793s] writing top-level names to forros_description.egg-info/top_level.txt
[0.793s] writing manifest file 'forros_description.egg-info/SOURCES.txt'
[0.818s] reading manifest file 'forros_description.egg-info/SOURCES.txt'
[0.819s] writing manifest file 'forros_description.egg-info/SOURCES.txt'
[0.831s] running build_ext
[0.831s] Creating /home/sidadi/Documents/rover_ws/install/forros_description/lib/python3.14/site-packages/forros-description.egg-link (link to .)
[0.831s] 
[0.831s] Installed /home/sidadi/Documents/rover_ws/build/forros_description
[0.831s] running symlink_data
[0.831s] creating /home/sidadi/Documents/rover_ws/install/forros_description/share/ament_index/resource_index/packages
[0.833s] symbolically linking /home/sidadi/Documents/rover_ws/build/forros_description/resource/forros_description -> /home/sidadi/Documents/rover_ws/install/forros_description/share/ament_index/resource_index/packages
[0.833s] symbolically linking /home/sidadi/Documents/rover_ws/build/forros_description/package.xml -> /home/sidadi/Documents/rover_ws/install/forros_description/share/forros_description
[0.833s] creating /home/sidadi/Documents/rover_ws/install/forros_description/share/forros_description/launch
[0.833s] symbolically linking /home/sidadi/Documents/rover_ws/build/forros_description/launch/gazebo.launch.py -> /home/sidadi/Documents/rover_ws/install/forros_description/share/forros_description/launch
[0.833s] symbolically linking /home/sidadi/Documents/rover_ws/build/forros_description/launch/sim.launch.py -> /home/sidadi/Documents/rover_ws/install/forros_description/share/forros_description/launch
[0.833s] symbolically linking /home/sidadi/Documents/rover_ws/build/forros_description/launch/display.launch.py -> /home/sidadi/Documents/rover_ws/install/forros_description/share/forros_description/launch
[0.833s] creating /home/sidadi/Documents/rover_ws/install/forros_description/share/forros_description/urdf
[0.833s] symbolically linking /home/sidadi/Documents/rover_ws/build/forros_description/urdf/materials.xacro -> /home/sidadi/Documents/rover_ws/install/forros_description/share/forros_description/urdf
[0.833s] symbolically linking /home/sidadi/Documents/rover_ws/build/forros_description/urdf/forros.xacro -> /home/sidadi/Documents/rover_ws/install/forros_description/share/forros_description/urdf
[0.833s] symbolically linking /home/sidadi/Documents/rover_ws/build/forros_description/urdf/forros.gazebo -> /home/sidadi/Documents/rover_ws/install/forros_description/share/forros_description/urdf
[0.833s] symbolically linking /home/sidadi/Documents/rover_ws/build/forros_description/urdf/forros.ros2control -> /home/sidadi/Documents/rover_ws/install/forros_description/share/forros_description/urdf
[0.833s] creating /home/sidadi/Documents/rover_ws/install/forros_description/share/forros_description/meshes
[0.833s] symbolically linking /home/sidadi/Documents/rover_ws/build/forros_description/meshes/base_link.stl -> /home/sidadi/Documents/rover_ws/install/forros_description/share/forros_description/meshes
[0.834s] symbolically linking /home/sidadi/Documents/rover_ws/build/forros_description/meshes/motor_house_left_back_1.stl -> /home/sidadi/Documents/rover_ws/install/forros_description/share/forros_description/meshes
[0.834s] symbolically linking /home/sidadi/Documents/rover_ws/build/forros_description/meshes/motor_house_left_front_1.stl -> /home/sidadi/Documents/rover_ws/install/forros_description/share/forros_description/meshes
[0.834s] symbolically linking /home/sidadi/Documents/rover_ws/build/forros_description/meshes/right_front_wheel_1.stl -> /home/sidadi/Documents/rover_ws/install/forros_description/share/forros_description/meshes
[0.834s] symbolically linking /home/sidadi/Documents/rover_ws/build/forros_description/meshes/motor_house_right_back_2.stl -> /home/sidadi/Documents/rover_ws/install/forros_description/share/forros_description/meshes
[0.834s] symbolically linking /home/sidadi/Documents/rover_ws/build/forros_description/meshes/left_back_wheel_1.stl -> /home/sidadi/Documents/rover_ws/install/forros_description/share/forros_description/meshes
[0.834s] symbolically linking /home/sidadi/Documents/rover_ws/build/forros_description/meshes/RockerArm_right_1.stl -> /home/sidadi/Documents/rover_ws/install/forros_description/share/forros_description/meshes
[0.834s] symbolically linking /home/sidadi/Documents/rover_ws/build/forros_description/meshes/world.obj -> /home/sidadi/Documents/rover_ws/install/forros_description/share/forros_description/meshes
[0.834s] symbolically linking /home/sidadi/Documents/rover_ws/build/forros_description/meshes/right_mid_wheel_1.stl -> /home/sidadi/Documents/rover_ws/install/forros_description/share/forros_description/meshes
[0.834s] symbolically linking /home/sidadi/Documents/rover_ws/build/forros_description/meshes/right_back_wheel_1.stl -> /home/sidadi/Documents/rover_ws/install/forros_description/share/forros_description/meshes
[0.834s] symbolically linking /home/sidadi/Documents/rover_ws/build/forros_description/meshes/world.stl -> /home/sidadi/Documents/rover_ws/install/forros_description/share/forros_description/meshes
[0.834s] symbolically linking /home/sidadi/Documents/rover_ws/build/forros_description/meshes/motor_house_left_mid_1.stl -> /home/sidadi/Documents/rover_ws/install/forros_description/share/forros_description/meshes
[0.834s] symbolically linking /home/sidadi/Documents/rover_ws/build/forros_description/meshes/RockerArm_left_1.stl -> /home/sidadi/Documents/rover_ws/install/forros_description/share/forros_description/meshes
[0.834s] symbolically linking /home/sidadi/Documents/rover_ws/build/forros_description/meshes/world.mtl -> /home/sidadi/Documents/rover_ws/install/forros_description/share/forros_description/meshes
[0.834s] symbolically linking /home/sidadi/Documents/rover_ws/build/forros_description/meshes/left_mid_wheel_1.stl -> /home/sidadi/Documents/rover_ws/install/forros_description/share/forros_description/meshes
[0.834s] symbolically linking /home/sidadi/Documents/rover_ws/build/forros_description/meshes/motor_house_right_mid_1.stl -> /home/sidadi/Documents/rover_ws/install/forros_description/share/forros_description/meshes
[0.834s] symbolically linking /home/sidadi/Documents/rover_ws/build/forros_description/meshes/BogieArm_right_1.stl -> /home/sidadi/Documents/rover_ws/install/forros_description/share/forros_description/meshes
[0.834s] symbolically linking /home/sidadi/Documents/rover_ws/build/forros_description/meshes/left_front_wheel_1.stl -> /home/sidadi/Documents/rover_ws/install/forros_description/share/forros_description/meshes
[0.834s] symbolically linking /home/sidadi/Documents/rover_ws/build/forros_description/meshes/motor_house_right_front_1.stl -> /home/sidadi/Documents/rover_ws/install/forros_description/share/forros_description/meshes
[0.834s] symbolically linking /home/sidadi/Documents/rover_ws/build/forros_description/meshes/BogieArm_left_1.stl -> /home/sidadi/Documents/rover_ws/install/forros_description/share/forros_description/meshes
[0.835s] creating /home/sidadi/Documents/rover_ws/install/forros_description/share/forros_description/config
[0.835s] symbolically linking /home/sidadi/Documents/rover_ws/build/forros_description/config/ros2_controllers.yaml -> /home/sidadi/Documents/rover_ws/install/forros_description/share/forros_description/config
[0.835s] creating /home/sidadi/Documents/rover_ws/install/forros_description/share/forros_description/worlds
[0.835s] symbolically linking /home/sidadi/Documents/rover_ws/build/forros_description/worlds/my_world.sdf -> /home/sidadi/Documents/rover_ws/install/forros_description/share/forros_description/worlds
[0.860s] Invoked command in '/home/sidadi/Documents/rover_ws/build/forros_description' returned '0': DEBUGINFOD_URLS=https://debuginfod.ubuntu.com PYTHONPATH=/home/sidadi/Documents/rover_ws/build/forros_description/prefix_override:/usr/lib/python3/dist-packages/colcon_core/task/python/colcon_distutils_commands:/home/sidadi/Documents/rover_ws/install/forros_description/lib/python3.14/site-packages:${PYTHONPATH} /usr/bin/python3 -W ignore:setup.py install is deprecated -W ignore:easy_install command is deprecated setup.py develop --editable --build-directory /home/sidadi/Documents/rover_ws/build/forros_description/build --no-deps symlink_data
